// Jest Snapshot v1, https://goo.gl/fbAQLP

exports[`Testing the Homepage Component should render the component without crashing 1`] = `ShallowWrapper {}`;
